// Jest Snapshot v1, https://goo.gl/fbAQLP

exports[`<Main /> check Main renders properly 1`] = `
<div
  className="carousel slide m-3 col-10 mx-auto"
  data-ride="carousel"
  id="mainCarouselControls"
>
  <div
    className="carousel-inner"
  >
    <div
      className="carousel-item active"
    >
      <img
        alt="1"
        className="d-block w-100"
        src="CupAndPlateChristmasCrop.png"
      />
    </div>
    <div
      className="carousel-item"
    >
      <img
        alt="2"
        className="d-block w-100"
        src="CupAndPlateCrop.png"
      />
    </div>
  </div>
  <a
    className="carousel-control-prev"
    data-slide="prev"
    href="#mainCarouselControls"
    role="button"
  >
    <FontAwesomeIcon
      border={false}
      className="main--carousel-icon"
      fixedWidth={false}
      flip={null}
      icon="arrow-left"
      inverse={false}
      listItem={false}
      mask={null}
      pull={null}
      pulse={false}
      rotation={null}
      size={null}
      spin={false}
      symbol={false}
      title=""
      transform={null}
    />
    <span
      className="sr-only"
    >
      Previous
    </span>
  </a>
  <a
    className="carousel-control-next"
    data-slide="next"
    href="#mainCarouselControls"
    role="button"
  >
    <FontAwesomeIcon
      border={false}
      className="main--carousel-icon"
      fixedWidth={false}
      flip={null}
      icon="arrow-right"
      inverse={false}
      listItem={false}
      mask={null}
      pull={null}
      pulse={false}
      rotation={null}
      size={null}
      spin={false}
      symbol={false}
      title=""
      transform={null}
    />
    <span
      className="sr-only"
    >
      Next
    </span>
  </a>
</div>
`;
