// Jest Snapshot v1, https://goo.gl/fbAQLP

exports[`<About /> check About renders properly 1`] = `
<div
  className="about"
>
  <h1
    className="about__header"
  >
    About
  </h1>
  <div
    className="about__content"
  >
    <p>
      Donec lobortis eros lorem, ut aliquam ipsum fermentum quis. Quisque rutrum ligula vehicula massa porttitor, a dignissim sem suscipit. Sed vel cursus justo. Curabitur sit amet orci felis. Ut nulla diam, scelerisque a ante laoreet, varius volutpat ipsum. Praesent consequat purus a tellus fringilla pretium. Sed posuere tellus vel tortor imperdiet pellentesque. Vivamus ac nulla id leo mollis suscipit. Integer mattis enim a accumsan tempor. Nunc in iaculis metus, ut fermentum elit.
    </p>
    <p>
      Etiam vitae faucibus enim, id pulvinar massa. Morbi in facilisis neque. Aliquam congue quam eu ligula convallis, eget eleifend mauris blandit. Nam ullamcorper dolor et sapien faucibus, vitae interdum nunc auctor. Integer aliquet velit nec ipsum porta egestas. Etiam dui massa, elementum sed aliquet sit amet, eleifend eget libero. Nulla imperdiet, tellus sed faucibus finibus, diam sem pharetra eros, a scelerisque est augue vitae dolor. Suspendisse potenti. Etiam vel leo orci. Quisque at eros turpis.
    </p>
    <p>
      Donec scelerisque non ante at posuere. Nunc blandit diam quis eros euismod sagittis. Morbi non orci lobortis, suscipit lacus pharetra, sodales magna. Ut tincidunt scelerisque velit ut pretium. Sed non rhoncus felis, at aliquet dui. Sed quis pulvinar nunc. Morbi ac tempor tortor. Morbi scelerisque fringilla tincidunt. Vivamus tellus ipsum, lacinia sit amet elit quis, tristique varius felis. Nunc ullamcorper, erat ac posuere porttitor, ligula dolor laoreet odio, in gravida erat sapien sit amet elit. Etiam non felis at ante auctor pharetra in ac leo. Duis eu massa a ligula pulvinar sollicitudin.
    </p>
    <p>
      Pellentesque quis lacinia leo. In molestie sed lorem volutpat ullamcorper. Nullam eget mauris dolor. Integer sed sollicitudin ligula, ultrices molestie augue. Ut a orci et ligula mollis vulputate. Praesent ultricies ante dolor, et ullamcorper massa sodales at. Class aptent taciti sociosqu ad litora torquent per conubia nostra, per inceptos himenaeos. Praesent dapibus risus et dui elementum, sit amet aliquet libero porttitor. Praesent ullamcorper pretium laoreet. In ac augue laoreet, mattis justo ut, rhoncus ipsum. Nullam sit amet sapien quam. Cras porta maximus justo, bibendum consectetur ipsum dapibus vitae. Nullam congue massa lectus, eu lobortis dolor posuere ut.
    </p>
    <p>
      Aliquam efficitur nec erat ac faucibus. Maecenas posuere, sapien et ultricies malesuada, risus dolor tempor erat, non fringilla purus nisi vitae orci. Suspendisse potenti. Ut metus purus, viverra ut massa et, gravida scelerisque sapien. Duis condimentum sem eu lacus elementum mollis. Fusce sollicitudin sed libero quis aliquam. Curabitur at dictum diam, quis pellentesque ante. Quisque eget orci urna. Praesent mi est, imperdiet non erat in, pulvinar euismod dui. Ut tempor, diam eget consequat dictum, dolor metus finibus nisi, et interdum diam arcu vitae enim. Ut posuere rutrum molestie. Phasellus nec leo eleifend, pretium mauris eu, vulputate augue.
    </p>
  </div>
</div>
`;
