// Jest Snapshot v1, https://goo.gl/fbAQLP

exports[`<Main /> check Main renders properly 1`] = `
<Carousel
  autoPlay={true}
  axis="horizontal"
  centerMode={false}
  centerSlidePercentage={80}
  className="main-page"
  dynamicHeight={false}
  emulateTouch={false}
  infiniteLoop={true}
  interval={4000}
  onChange={[Function]}
  onClickItem={[Function]}
  onClickThumb={[Function]}
  selectedItem={0}
  showArrows={true}
  showIndicators={false}
  showStatus={false}
  showThumbs={false}
  statusFormatter={[Function]}
  stopOnHover={true}
  swipeScrollTolerance={5}
  swipeable={true}
  transitionTime={350}
  useKeyboardArrows={false}
  verticalSwipe="standard"
  width="100%"
>
  <div>
    <img
      alt="First slide"
      src="CupAndPlateChristmasCrop.png"
    />
  </div>
  <div>
    <img
      alt="Second slide"
      src="CupAndPlateCrop.png"
    />
  </div>
</Carousel>
`;
