// Jest Snapshot v1, https://goo.gl/fbAQLP

exports[`<OrderForm /> renders properly with default props 1`] = `
<Fragment>
  <p>
    Please fill out the form to continue
  </p>
  <form
    onSubmit={[Function]}
  >
    <Input
      error=""
      label="Name"
      matchedInputName=""
      name="name"
      onValueChange={[Function]}
      type="text"
      value=""
    />
    <Input
      error=""
      label="Country"
      matchedInputName=""
      name="country"
      onValueChange={[Function]}
      type="text"
      value=""
    />
    <Input
      error=""
      label="City"
      matchedInputName=""
      name="city"
      onValueChange={[Function]}
      type="text"
      value=""
    />
    <Input
      error=""
      label="Address"
      matchedInputName=""
      name="address"
      onValueChange={[Function]}
      type="text"
      value=""
    />
    <Input
      error=""
      label="Phone"
      matchedInputName=""
      name="phone"
      onValueChange={[Function]}
      type="text"
      value=""
    />
    <TextArea
      error=""
      label="Comment"
      name="comment"
      onValueChange={[Function]}
      value=""
    />
    <button
      className="btn btn-secondary d-block mx-auto mx-md-0"
      disabled={
        Object {
          "address": "Address is a required field",
          "city": "City is a required field",
          "country": "Country is a required field",
          "name": "Name is a required field",
          "phone": "Phone must be at least 12 characters",
        }
      }
      type="submit"
    >
      Submit Order
    </button>
  </form>
</Fragment>
`;

exports[`<OrderForm /> renders properly with default props 2`] = `
<Fragment>
  <p>
    Please fill out the form to continue
  </p>
  <form
    onSubmit={[Function]}
  >
    <Input
      error=""
      label="Name"
      matchedInputName=""
      name="name"
      onValueChange={[Function]}
      type="text"
      value=""
    />
    <Input
      error=""
      label="Country"
      matchedInputName=""
      name="country"
      onValueChange={[Function]}
      type="text"
      value=""
    />
    <Input
      error=""
      label="City"
      matchedInputName=""
      name="city"
      onValueChange={[Function]}
      type="text"
      value=""
    />
    <Input
      error=""
      label="Address"
      matchedInputName=""
      name="address"
      onValueChange={[Function]}
      type="text"
      value=""
    />
    <Input
      error=""
      label="Phone"
      matchedInputName=""
      name="phone"
      onValueChange={[Function]}
      type="text"
      value=""
    />
    <TextArea
      error=""
      label="Comment"
      name="comment"
      onValueChange={[Function]}
      value=""
    />
    <button
      className="btn btn-secondary d-block mx-auto mx-md-0"
      disabled={
        Object {
          "address": "Address is a required field",
          "city": "City is a required field",
          "country": "Country is a required field",
          "name": "Name is a required field",
          "phone": "Phone must be at least 12 characters",
        }
      }
      type="submit"
    >
      Submit Order
    </button>
  </form>
</Fragment>
`;
