// Jest Snapshot v1, https://goo.gl/fbAQLP

exports[`<OrderTable /> renders properly with default props 1`] = `
<Fragment>
  <h2
    className="order-summary__message"
  >
    Please check the list of products
  </h2>
  <Table
    columns={
      Array [
        Object {
          "content": [Function],
          "customClasses": "order-table__column-title",
          "key": "title",
          "label": "Title",
        },
        Object {
          "customClasses": "order-table__column-quantity",
          "label": "Quantity",
          "path": "quantity",
        },
        Object {
          "content": [Function],
          "customClasses": "text-center order-table__column-cost",
          "key": "cost",
          "label": "Cost",
        },
      ]
    }
    customClasses="order-summary__table order-table"
    items={
      Array [
        Object {
          "currentCurrencyCost": 5,
          "description": "test product 1 description",
          "id": "1",
          "imageURL": "#",
          "quantity": 3,
          "title": "test product 1",
        },
        Object {
          "currentCurrencyCost": 10,
          "description": "test product 2 description",
          "id": "2",
          "imageURL": "#",
          "quantity": 5,
          "title": "test product 2",
        },
      ]
    }
    sortColumn="id"
  />
</Fragment>
`;
