// Jest Snapshot v1, https://goo.gl/fbAQLP

exports[`<Order /> renders properly with default props 1`] = `
"<Fragment>
  <h1 className=\\"text-center m-3\\">
    Please check your order
  </h1>
  <div className=\\"row m-2\\">
    <div className=\\"col-md-6\\">
      <Connect(OrderTable) sortColumn=\\"title\\" products={{...}} />
      <TotalCostCalculator products={{...}} customClasses=\\"float-right\\" />
    </div>
    <div className=\\"col-md-5 offset-md-1\\">
      <OrderForm onOrderSubmit={[Function: mockConstructor]} currentUser={{...}} />
    </div>
  </div>
</Fragment>"
`;
