// Jest Snapshot v1, https://goo.gl/fbAQLP

exports[`<Order /> renders properly with default props 1`] = `
<div
  className="order"
>
  <h1
    className="order__header"
  >
    Please check your order
  </h1>
  <div
    className="order__content"
  >
    <div
      className="order__summary"
    >
      <OrderTable
        isCurrencyLoading={true}
        products={
          Array [
            Object {
              "id": "1",
              "title": "test product 1",
            },
            Object {
              "id": "2",
              "title": "test product 2",
            },
          ]
        }
        sortColumn="title"
      />
      <TotalCost
        customClasses="order-total-cost"
        total={10}
      />
    </div>
    <div
      className="order-form"
    >
      <OrderForm
        currentUser={Object {}}
        onSubmit={[Function]}
      />
    </div>
  </div>
</div>
`;
