// Jest Snapshot v1, https://goo.gl/fbAQLP

exports[`<App /> renders properly with default props 1`] = `
<Fragment>
  <Connect(Navbar) />
  <div
    className="container-fluid"
    id="bootstrap-overrides"
  >
    <div
      id="app__content--wrap"
    >
      <Routes />
    </div>
  </div>
  <Footer />
</Fragment>
`;
