// Jest Snapshot v1, https://goo.gl/fbAQLP

exports[`<App /> renders properly with default props 1`] = `
<Fragment>
  <Navbar
    cart={Array []}
    currencyState={
      Object {
        "currencies": Array [],
        "currenciesStatus": Object {
          "error": "",
          "hasFailed": false,
          "isInProcess": true,
        },
        "currentCurrency": Object {
          "id": "0",
        },
      }
    }
    currentUserName=""
  />
  <div
    className="content-wrap"
  >
    <Routes />
  </div>
  <Footer />
</Fragment>
`;
