// Jest Snapshot v1, https://goo.gl/fbAQLP

exports[`<ProductDetails /> render field info correctly with renderFieldInfo method 1`] = `
<InformationItem
  info="category 1"
  label="Category"
/>
`;

exports[`<ProductDetails /> renders ErrorMessage once productStatus.hasFailed and error provided 1`] = `
<ErrorMessage
  customClasses=""
  message="test error"
/>
`;

exports[`<ProductDetails /> renders Spinner with default props 1`] = `
<Spinner
  spinnerClasses="spinner--medium"
  wrapperClasses="prod-details__spinner"
/>
`;

exports[`<ProductDetails /> renders product details if productStatus.isInProcess = false 1`] = `
<div
  className="prod-details"
>
  <h1
    className="prod-details__header"
  >
    Mug 1 Details
  </h1>
  <div
    className="prod-details__images"
  >
    <ImageGallery
      autoPlay={false}
      disableArrowKeys={false}
      disableSwipe={false}
      disableThumbnailScroll={false}
      flickThreshold={0.4}
      indexSeparator=" / "
      infinite={false}
      isRTL={false}
      items={
        Array [
          Object {
            "original": "https://picsum.photos/700/300?image=1080",
            "thumbnail": "https://picsum.photos/250/150?image=1080",
          },
          Object {
            "original": "https://picsum.photos/700/300?image=1068",
            "thumbnail": "https://picsum.photos/250/150?image=1068",
          },
          Object {
            "original": "https://picsum.photos/700/300?image=998",
            "thumbnail": "https://picsum.photos/250/150?image=998",
          },
          Object {
            "original": "https://picsum.photos/700/300?image=635",
            "thumbnail": "https://picsum.photos/250/150?image=635",
          },
          Object {
            "original": "https://picsum.photos/700/300?image=431",
            "thumbnail": "https://picsum.photos/250/150?image=431",
          },
        ]
      }
      lazyLoad={false}
      preventDefaultTouchmoveEvent={false}
      renderFullscreenButton={[Function]}
      renderLeftNav={[Function]}
      renderPlayPauseButton={[Function]}
      renderRightNav={[Function]}
      showBullets={false}
      showFullscreenButton={false}
      showIndex={false}
      showNav={true}
      showPlayButton={false}
      showThumbnails={true}
      slideDuration={450}
      slideInterval={3000}
      startIndex={0}
      stopPropagation={false}
      swipeThreshold={30}
      swipingTransitionDuration={0}
      thumbnailPosition="bottom"
      useBrowserFullscreen={false}
      useTranslate3D={true}
    />
  </div>
  <InformationItem
    info="Mug 1"
    key="Title"
    label="Title"
  />
  <InformationItem
    info="product 1 description"
    key="Description"
    label="Description"
  />
  <InformationItem
    info="category 1"
    key="Category"
    label="Category"
  />
  <InformationItem
    info="test producer 1"
    key="Producer"
    label="Producer"
  />
  <InformationItem
    info={5}
    key="Price"
    label="Price"
  />
  <div
    className="prod-details__footer"
  >
    <ToCatalogButton
      customClasses=""
    />
    <BuyNowButton
      customClasses=""
      onBuyNow={[MockFunction]}
      product={
        Object {
          "basePrice": 5,
          "category": Object {
            "id": "1",
            "name": "category 1",
          },
          "currentCurrencyPrice": 5,
          "description": "product 1 description",
          "discount": 0,
          "id": "1",
          "imageURL": "#",
          "producer": "test producer 1",
          "publishDate": "Tue Aug 20 2019 16:27:02 GMT+0300 (Moscow Standard Time)",
          "rate": "5",
          "title": "Mug 1",
        }
      }
    />
  </div>
</div>
`;
