// Jest Snapshot v1, https://goo.gl/fbAQLP

exports[`<Pagination /> renders and displays 2nd page as active 1`] = `
"<nav>
  <ul className=\\"pagination\\">
    <li className=\\"page-item \\">
      <button type=\\"button\\" className=\\"page-link clickable\\" onClick={[Function: onClick]}>
        1
      </button>
    </li>
    <li className=\\"page-item active\\">
      <button type=\\"button\\" className=\\"page-link clickable\\" onClick={[Function: onClick]}>
        2
      </button>
    </li>
  </ul>
</nav>"
`;

exports[`<Pagination /> renders with default props with 1st page checked as active 1`] = `
"<nav>
  <ul className=\\"pagination\\">
    <li className=\\"page-item active\\">
      <button type=\\"button\\" className=\\"page-link clickable\\" onClick={[Function: onClick]}>
        1
      </button>
    </li>
    <li className=\\"page-item \\">
      <button type=\\"button\\" className=\\"page-link clickable\\" onClick={[Function: onClick]}>
        2
      </button>
    </li>
  </ul>
</nav>"
`;
