// Jest Snapshot v1, https://goo.gl/fbAQLP

exports[`<LoginRegisterButtons /> renders properly with default props 1`] = `
<Fragment>
  <Link
    className="login-btn text--gray"
    to="/login"
  >
    Login
  </Link>
  <Link
    className="register-btn text--gray"
    to="/register"
  >
    Register
  </Link>
</Fragment>
`;
