// Jest Snapshot v1, https://goo.gl/fbAQLP

exports[`<Modal /> check Modal renders properly with default props 1`] = `
<div
  className="modal-page"
>
  <div
    className="modal-page__content"
  >
    <h1
      className="modal-page__header"
    >
      Test Title
    </h1>
    <div
      className="modal-page__body"
    >
      Test Text
    </div>
    <div
      className="modal-page__buttons"
    >
      <button
        className="button button--solid "
        onClick={[MockFunction]}
        type="button"
      >
        Test Abort
      </button>
      <button
        className="button button--solid "
        onClick={[MockFunction]}
        type="button"
      >
        Test confirmation text
      </button>
    </div>
  </div>
</div>
`;
