// Jest Snapshot v1, https://goo.gl/fbAQLP

exports[`<NameLogoutButtons /> renders properly with default props 1`] = `
<Fragment>
  <p
    className="nav navbar-text mr-3 d-inline"
  >
    test name
  </p>
  <div
    className="dropdown d-inline"
  >
    <button
      aria-expanded="false"
      aria-haspopup="true"
      className="text-white bg-dark border-0 px-0"
      data-toggle="dropdown"
      id="profileDropdownButton"
      type="button"
    >
      Profile
    </button>
    <div
      aria-labelledby="profileDropdownButton"
      className="dropdown-menu dropdown-menu-right"
    >
      <Link
        className="dropdown-item px-3"
        to="/myprofile"
      >
        My Profile
      </Link>
      <div
        className="dropdown-divider"
      />
      <button
        className="dropdown-item px-3"
        onClick={[MockFunction]}
        type="button"
      >
        Logout
      </button>
    </div>
  </div>
</Fragment>
`;
