// Jest Snapshot v1, https://goo.gl/fbAQLP

exports[`<NameLogoutButtons /> renders properly with default props 1`] = `
<div
  className="name-logout-bar"
>
  <span
    className="name-logout-bar__username text--gray"
  >
    test name
  </span>
  <button
    className="name-logout-bar__profile-button text--white clickable"
    onClick={[Function]}
    type="button"
  >
    Profile
  </button>
</div>
`;
