// Jest Snapshot v1, https://goo.gl/fbAQLP

exports[`<TableHeader /> renders properly 1`] = `
<thead
  className="info-table__header"
>
  <tr
    className="header-row"
  >
    <th
      className="header-row__cell "
      key="id"
    >
      ID
    </th>
    <th
      className="header-row__cell "
      key="name"
    >
      Name
    </th>
    <th
      className="header-row__cell "
      key="description"
    >
      Description
    </th>
  </tr>
</thead>
`;
