// Jest Snapshot v1, https://goo.gl/fbAQLP

exports[`<TableBody /> renders properly 1`] = `
<tbody
  className="info-table__body"
>
  <tr
    className="body-row"
    key="1"
  >
    <td
      className="body-row__cell "
      key="1id"
    >
      1
    </td>
    <td
      className="body-row__cell "
      key="1name"
    >
      one
    </td>
    <td
      className="body-row__cell "
      key="1description"
    >
      <span>
        Test Content first
      </span>
    </td>
  </tr>
  <tr
    className="body-row"
    key="2"
  >
    <td
      className="body-row__cell "
      key="2id"
    >
      2
    </td>
    <td
      className="body-row__cell "
      key="2name"
    >
      two
    </td>
    <td
      className="body-row__cell "
      key="2description"
    >
      <span>
        Test Content second
      </span>
    </td>
  </tr>
  <tr
    className="body-row"
    key="3"
  >
    <td
      className="body-row__cell "
      key="3id"
    >
      3
    </td>
    <td
      className="body-row__cell "
      key="3name"
    >
      three
    </td>
    <td
      className="body-row__cell "
      key="3description"
    >
      <span>
        Test Content third
      </span>
    </td>
  </tr>
</tbody>
`;
