// Jest Snapshot v1, https://goo.gl/fbAQLP

exports[`<CatalogDeleteAction /> check render properly 1`] = `
<Modal
  buttonClasses="btn btn-danger btn-sm"
  buttonLabel="Delete"
  id="product-deletion-confirmation"
  onConfirm={[Function]}
  text="You are about to completely delete testProduct from the database!"
  textAbort="Dismiss"
  textConfirm="Confirm"
  title="Confirm product deletion"
/>
`;
