// Jest Snapshot v1, https://goo.gl/fbAQLP

exports[`<CatalogTableFooter /> check render properly 1`] = `
<div
  className="catalog__footer"
>
  <Pagination
    currentPage={1}
    itemsCount={3}
    onPageChange={[MockFunction]}
    pageSize={10}
    pageSizeOptions={
      Array [
        Object {
          "id": "5",
          "name": "5",
        },
      ]
    }
    wrapperClasses="page-links"
  />
  <DropdownInline
    defaultText=""
    error=""
    label="Items on page"
    labelClasses=""
    name="itemsOnPage"
    onChange={[MockFunction]}
    options={
      Array [
        Object {
          "id": "5",
          "name": "5",
        },
      ]
    }
    selectClasses="page-size__dropdown"
    value="10"
    wrapperClasses="page-size"
  />
</div>
`;
