// Jest Snapshot v1, https://goo.gl/fbAQLP

exports[`<SortBox /> check render properly 1`] = `
<DropdownInline
  defaultText=""
  error=""
  label="Sorted by"
  labelClasses=""
  name="sortDropdown"
  onChange={[MockFunction]}
  options={
    Array [
      Object {
        "id": "title_desc",
        "name": "Title Z-A",
      },
    ]
  }
  selectClasses="sort-box__dropdown"
  value="title"
  wrapperClasses="sort-box "
/>
`;
